<html>
<body>
<pre>
<h1>礦ision Build Log</h1>
<h2>Tool Versions:</h2>
IDE-Version: μVision V5.18.0.0
Copyright (C) 2016 ARM Ltd and ARM Germany GmbH. All rights reserved.
License Information: d d, d, LIC=R4HEV-P9JW2-VG67J-U12GA-8HHE5-F68TF
 
Tool Versions:
Toolchain:       MDK-ARM Professional  Version: 5.18
Toolchain Path:  D:\keil5\ARM\ARMCC\Bin
C Compiler:      Armcc.exe V5.06 update 1 (build 61)
Assembler:       Armasm.exe V5.06 update 1 (build 61)
Linker/Locator:  ArmLink.exe V5.06 update 1 (build 61)
Library Manager: ArmAr.exe V5.06 update 1 (build 61)
Hex Converter:   FromElf.exe V5.06 update 1 (build 61)
CPU DLL:         SARMCM3.DLL V5.18
Dialog DLL:      DARMSTM.DLL V1.65.0.0
Target DLL:      STLink\ST-LINKIII-KEIL_SWO.dll V2.0.18.0
Dialog DLL:      TARMSTM.DLL   V1.64.0.0
 
<h2>Project:</h2>
D:\学习\智能实验室\机器人对抗赛\官方代码框架\小车移动_蓝牙版\USER\project.uvprojx
Project File Date:  03/19/2023

<h2>Output:</h2>
*** Using Compiler 'V5.06 update 1 (build 61)', folder: 'D:\keil5\ARM\ARMCC\Bin'
Build target 'Template'
compiling usart2.c...
..\HARDWARE\Speed.h(11): warning:  #1-D: last line of file ends without a newline
  #endif
..\HARDWARE\usart2.c(104): warning:  #223-D: function "Motor_Setspeed" declared implicitly
  				Motor_Setspeed(Speed1,Speed2,Speed3,Speed4);
..\HARDWARE\usart2.c: 2 warnings, 0 errors
linking...
Program Size: Code=21504 RO-data=2412 RW-data=92 ZI-data=2860  
FromELF: creating hex file...
"..\OBJ\Template.axf" - 0 Error(s), 2 Warning(s).

<h2>Collection of Component include folders:</h2>
  D:\学习\智能实验室\机器人对抗赛\官方代码框架\小车移动_蓝牙版\USER\RTE
  D:\keil5\ARM\PACK\Keil\STM32F1xx_DFP\2.3.0\Device\Include

<h2>Collection of Component Files used:</h2>
Build Time Elapsed:  00:00:01
</pre>
</body>
</html>
